PS E:\User\HIDEKI\マイドキュメント\Programming\samurai-terakoya> cd git_challenge
PS E:\User\HIDEKI\マイドキュメント\Programming\samurai-terakoya\git_challenge> git init
Initialized empty Git repository in E:/User/HIDEKI/マイドキュメント/Programming/samurai-terakoya/git_challenge/.git/
PS E:\User\HIDEKI\マイドキュメント\Programming\samurai-terakoya\git_challenge> git add hello_world.txt
PS E:\User\HIDEKI\マイドキュメント\Programming\samurai-terakoya\git_challenge> git commit -m  
error: switch `m' requires a value
PS E:\User\HIDEKI\マイドキュメント\Programming\samurai-terakoya\git_challenge> git commit -m "hello_world.txtを追加"
[main (root-commit) 6ed58ba] 最初のコミット
 1 file changed, 1 insertion(+)
 create mode 100644 hello_world.txt
PS E:\User\HIDEKI\マイドキュメント\Programming\samurai-terakoya\git_challenge> git status
On branch main
nothing to commit, working tree clean
PS E:\User\HIDEKI\マイドキュメント\Programming\samurai-terakoya\git_challenge> git add hello_world.txt
PS E:\User\HIDEKI\マイドキュメント\Programming\samurai-terakoya\git_challenge> git commit -m "日本語訳を追記"
[main e9bb8fa] 日本語訳を追記
 1 file changed, 2 insertions(+), 1 deletion(-)
PS E:\User\HIDEKI\マイドキュメント\Programming\samurai-terakoya\git_challenge> git log --oneline
e9bb8fa (HEAD -> main) 日本語訳を追記
6ed58ba hello_world.txtを追加