PS E:\User\HIDEKI\マイドキュメント\Programming\samurai-terakoya> mkdir git_challenge


    ディレクトリ: E:\User\HIDEKI\マイドキュメント\Programming\samurai-terakoya


Mode                 LastWriteTime         Length Name
----                 -------------         ------ ----
d-----        2025/06/18     16:42                git_challenge


PS E:\User\HIDEKI\マイドキュメント\Programming\samurai-terakoya> cd git_challenge
PS E:\User\HIDEKI\マイドキュメント\Programming\samurai-terakoya\git_challenge> git init
Initialized empty Git repository in E:/User/HIDEKI/マイドキュメント/Programming/samurai-terakoya/git_challenge/.git/
PS E:\User\HIDEKI\マイドキュメント\Programming\samurai-terakoya\git_challenge> echo "hello,world!" > hello_world.txt
PS E:\User\HIDEKI\マイドキュメント\Programming\samurai-terakoya\git_challenge> git add hello_world.txt
PS E:\User\HIDEKI\マイドキュメント\Programming\samurai-terakoya\git_challenge> git commit -m "hello_world.txtを追加"
[main (root-commit) da26c1c] hello_world.txtを追加
 1 file changed, 0 insertions(+), 0 deletions(-)
 create mode 100644 hello_world.txt
PS E:\User\HIDEKI\マイドキュメント\Programming\samurai-terakoya\git_challenge> echo "こんにちは、世界！" > hello_world.txt
PS E:\User\HIDEKI\マイドキュメント\Programming\samurai-terakoya\git_challenge> git add hello_world.txt
PS E:\User\HIDEKI\マイドキュメント\Programming\samurai-terakoya\git_challenge> git commit -m "日本語訳を追記"
[main a9a9b7a] 日本語訳を追記
 1 file changed, 0 insertions(+), 0 deletions(-)
PS E:\User\HIDEKI\マイドキュメント\Programming\samurai-terakoya\git_challenge> git log --oneline
a9a9b7a (HEAD -> main) 日本語訳を追記
da26c1c hello_world.txtを追加